./test_files/000-000.igs
./test_files/100-000.igs
./test_files/102-000.igs
./test_files/104-001.igs
./test_files/104-002.igs
./test_files/104-003.igs
./test_files/106-001.igs
./test_files/106-002.igs
./test_files/106-011.igs
./test_files/106-012.igs
./test_files/108-000.igs
./test_files/108-001.igs
./test_files/112-000.igs
./test_files/114-000.igs
./test_files/116-000.igs
./test_files/118-000.igs
./test_files/118-001.igs
./test_files/120-000.igs
./test_files/122-000.igs
./test_files/124-001.igs
./test_files/126-000.igs
./test_files/126-001.igs
./test_files/126-002.igs
./test_files/126-003.igs
./test_files/126-004.igs
./test_files/126-005.igs
./test_files/128-000.igs
./test_files/128-002.igs
./test_files/128-003.igs
./test_files/128-004.igs
./test_files/128-005.igs
./test_files/128-009.igs
./test_files/130-000.igs
./test_files/140-000.igs
./test_files/142-000.igs
./test_files/144-000.igs
./test_files/406-015.igs
./test_files/408-000.igs
./test_files/f100x.igs
./test_files/f102x.igs
./test_files/f104x.igs
./test_files/f110x.igs
./test_files/f112px.igs
./test_files/f112x.igs
./test_files/f126x.igs
./test_files/f408x.igs
./test_files/splines.igs
./test_files/startrek.igs
./test_files/surf114.igs
./test_files/surf128.igs
./test_files/surf2d.igs
